beninato8@ip-10-0-129-5:~$ strace ./mystery baz ghi
execve("./mystery", ["./mystery", "baz", "ghi"], [/* 22 vars */]) = 0
brk(0)                                  = 0x123b000
fcntl(0, F_GETFD)                       = 0
fcntl(1, F_GETFD)                       = 0
fcntl(2, F_GETFD)                       = 0
access("/etc/suid-debug", F_OK)         = -1 ENOENT (No such file or directory)
access("/etc/ld.so.nohwcap", F_OK)      = -1 ENOENT (No such file or directory)
access("/etc/ld.so.preload", R_OK)      = -1 ENOENT (No such file or directory)
open("/etc/ld.so.cache", O_RDONLY|O_CLOEXEC) = 3
fstat(3, {st_mode=S_IFREG|0644, st_size=21693, ...}) = 0
mmap(NULL, 21693, PROT_READ, MAP_PRIVATE, 3, 0) = 0x7fcccdc33000
close(3)                                = 0
access("/etc/ld.so.nohwcap", F_OK)      = -1 ENOENT (No such file or directory)
open("/lib/x86_64-linux-gnu/libc.so.6", O_RDONLY|O_CLOEXEC) = 3
read(3, "\177ELF\2\1\1\0\0\0\0\0\0\0\0\0\3\0>\0\1\0\0\0P \2\0\0\0\0\0"..., 832) = 832
fstat(3, {st_mode=S_IFREG|0755, st_size=1857312, ...}) = 0
mmap(NULL, 4096, PROT_READ|PROT_WRITE, MAP_PRIVATE|MAP_ANONYMOUS, -1, 0) = 0x7fcccdc32000
mmap(NULL, 3965632, PROT_READ|PROT_EXEC, MAP_PRIVATE|MAP_DENYWRITE, 3, 0) = 0x7fcccd64e000
mprotect(0x7fcccd80c000, 2097152, PROT_NONE) = 0
mmap(0x7fcccda0c000, 24576, PROT_READ|PROT_WRITE, MAP_PRIVATE|MAP_FIXED|MAP_DENYWRITE, 3, 0x1be000) = 0x7fcccda0c000
mmap(0x7fcccda12000, 17088, PROT_READ|PROT_WRITE, MAP_PRIVATE|MAP_FIXED|MAP_ANONYMOUS, -1, 0) = 0x7fcccda12000
close(3)                                = 0
mmap(NULL, 8192, PROT_READ|PROT_WRITE, MAP_PRIVATE|MAP_ANONYMOUS, -1, 0) = 0x7fcccdc30000
arch_prctl(ARCH_SET_FS, 0x7fcccdc30740) = 0
mprotect(0x7fcccda0c000, 16384, PROT_READ) = 0
mprotect(0x600000, 4096, PROT_READ)     = 0
mprotect(0x7fcccdc39000, 4096, PROT_READ) = 0
munmap(0x7fcccdc33000, 21693)           = 0
open("/tmp/baz", O_WRONLY|O_CREAT|O_APPEND, 03777767364123410) = 3
write(3, "ghi", 3)                      = 3
write(3, "\n", 1)                       = 1
fchmod(3, 0754)                         = 0
close(3)                                = 0
exit_group(0)                           = ?
+++ exited with 0 +++

writes arg2 to /tmp/arg1
beninato8@ip-10-0-129-5:/tmp$ ls
abc  baz  data  foo  (null)  test
beninato8@ip-10-0-129-5:/tmp$ cat test
beninato8@ip-10-0-129-5:/tmp$ cat foo
abc
abc
def
abc
def
beninato8@ip-10-0-129-5:/tmp$ cat baz
ghi
ghi
beninato8@ip-10-0-129-5:/tmp$ cat abc
xyz
beninato8@ip-10-0-129-5:/tmp$ cat (null)
-bash: syntax error near unexpected token `null'
beninato8@ip-10-0-129-5:/tmp$ cat
abc     baz     data/   foo     (null)  test
beninato8@ip-10-0-129-5:/tmp$ cat
abc     baz     data/   foo     (null)  test
beninato8@ip-10-0-129-5:/tmp$ cat (
abc     baz     data/   foo     (null)  test
beninato8@ip-10-0-129-5:/tmp$ cat nul
/bin/cat: nul: No such file or directory
/bin/cat: nul: No such file or directory
beninato8@ip-10-0-129-5:/tmp$ cat abc
xyz
beninato8@ip-10-0-129-5:/tmp$ cat foo
abc
abc
def
abc
def
beninato8@ip-10-0-129-5:/tmp$ ~ tester grapes
~anna/             ~ellie/            ~list              ~proxy/
~ashli/            ~games/            ~lp                ~root/
~atreya_iyer_sux/  ~gnats             ~lukebowsher/      ~sshd/
~atroper/          ~iancostello/      ~lukiearno/        ~student/
~backup/           ~instructor/       ~mail/             ~sync/
~ben/              ~irc               ~man/              ~sys/
~beninato8/        ~jc/               ~may/              ~syslog
~bens/             ~jfp/              ~messagebus/       ~ubuntu/
~big_baab/         ~keetonmartin/     ~mohini/           ~uucp
~bin/              ~kingslark/        ~news              ~vliu5163/
~brian/            ~krishna_narayan/  ~nobody            ~www-data
~chloe/            ~landon/           ~notroshanchandna/
~connor/           ~landscape/        ~parasarora/
~daemon/           ~libuuid/          ~pollinate/
beninato8@ip-10-0-129-5:/tmp$ ~beninato8/ tester grapes
.cache/    copy       empty      hello      mystery    script.sh
beninato8@ip-10-0-129-5:/tmp$ ~beninato8/mystery tester grapes
beninato8@ip-10-0-129-5:/tmp$ ls
abc  baz  data  foo  (null)  test  tester
beninato8@ip-10-0-129-5:/tmp$ cat tester
grapes